------------------------------------------------------------
Timing Analyzer Summary
------------------------------------------------------------

Type  : Slow 1100mV 85C Model Setup 'clk'
Slack : 0.014
TNS   : 0.000

Type  : Slow 1100mV 85C Model Hold 'clk'
Slack : 0.392
TNS   : 0.000

Type  : Slow 1100mV 85C Model Minimum Pulse Width 'clk'
Slack : -0.538
TNS   : -3.082

Type  : Slow 1100mV 0C Model Setup 'clk'
Slack : 0.033
TNS   : 0.000

Type  : Slow 1100mV 0C Model Hold 'clk'
Slack : 0.367
TNS   : 0.000

Type  : Slow 1100mV 0C Model Minimum Pulse Width 'clk'
Slack : -0.538
TNS   : -3.208

Type  : Fast 1100mV 85C Model Setup 'clk'
Slack : 0.473
TNS   : 0.000

Type  : Fast 1100mV 85C Model Hold 'clk'
Slack : 0.199
TNS   : 0.000

Type  : Fast 1100mV 85C Model Minimum Pulse Width 'clk'
Slack : -0.087
TNS   : -0.344

Type  : Fast 1100mV 0C Model Setup 'clk'
Slack : 0.509
TNS   : 0.000

Type  : Fast 1100mV 0C Model Hold 'clk'
Slack : 0.182
TNS   : 0.000

Type  : Fast 1100mV 0C Model Minimum Pulse Width 'clk'
Slack : -0.090
TNS   : -0.356

------------------------------------------------------------
